I'm sorry, but errors were detected in your script. Please correct the
errors listed below, and try again.


File "game/script.rpy", line 1185: show statement expects a non-empty block.
    show helen head_g body_bag_aa at center:
                                            ^

Ren'Py Version: Ren'Py 8.5.2.26010301
Tue May 12 08:28:40 2026
